=== WP-11: mqueue — POSIX Message Queues ===
OK: MqOpen(RDWR+CREATE) — fd=3
OK: MqSend — 8 Bytes mit prio=5 gesendet
OK: MqGetCurMsgs=1
OK: MqRecv — 8 Bytes empfangen
OK: Nachrichteninhalt korrekt (13375)
OK: MqGetAttr — maxmsg=10 msgsize=8192
OK: MqGetMaxMsg=10
OK: MqClose
OK: MqUnlink
=== WP-11: alle Tests bestanden ===
